// Jest Snapshot v1, https://goo.gl/fbAQLP

exports[`InputAmount mask tests InputMask Snapshot 1`] = `
<div>
  <input
    class="chakra-input css-0"
    data-testid="testid"
    id="amount-input"
    maxlength="30"
    type="number"
  />
  <button
    class="chakra-button css-1ner6ak"
    data-testid="send-button"
    type="button"
  >
    convert
  </button>
</div>
`;
